../Core/Src/main.c:148:5:main	104	static
../Core/Src/main.c:270:6:SystemClock_Config	88	static
../Core/Src/main.c:316:13:MX_ADC1_Init	24	static
../Core/Src/main.c:404:13:MX_TIM1_Init	32	static
../Core/Src/main.c:450:13:MX_TIM2_Init	32	static
../Core/Src/main.c:495:13:MX_TIM3_Init	56	static
../Core/Src/main.c:544:13:MX_TIM4_Init	32	static
../Core/Src/main.c:589:13:MX_TIM5_Init	56	static
../Core/Src/main.c:638:13:MX_TIM9_Init	56	static
../Core/Src/main.c:694:13:MX_USART1_UART_Init	8	static
../Core/Src/main.c:725:13:MX_DMA_Init	16	static
../Core/Src/main.c:743:13:MX_GPIO_Init	40	static
../Core/Src/main.c:791:6:HAL_ADC_ConvCpltCallback	16	static
../Core/Src/main.c:799:6:CDC_ReceiveCallBack	16	static
../Core/Src/main.c:806:6:HAL_TIM_PeriodElapsedCallback	56	static
../Core/Src/main.c:849:6:Error_Handler	4	static,ignoring_inline_asm
